PRINTF 23-06-08 15:02:45.666 boot.go:72 [UBOOT] 
__  __   __             __ 
/ / / /  / /  ___  ___  / /_
/ /_/ /  / _ \/ _ \/ _ \/ __/
\____/  /_.__/\___/\___/\__/ 
							

PRINTF 23-06-08 15:02:45.666 boot.go:72 [UBOOT] Uboot start
PRINTF 23-06-08 15:02:45.666 boot.go:72 [UBOOT] start front uint
PRINTF 23-06-08 15:02:45.666 boot.go:72 [UBOOT] [FRONT:front] uint starting
PRINTF 23-06-08 15:02:45.666 boot.go:72 [UBOOT] [FRONT:front] front
PRINTF 23-06-08 15:02:46.167 boot.go:72 [UBOOT] [FRONT:front] uint success
PRINTF 23-06-08 15:02:46.167 boot.go:72 [UBOOT] start front uint done
PRINTF 23-06-08 15:02:46.167 boot.go:72 [UBOOT] create background uint
PRINTF 23-06-08 15:02:46.167 boot.go:72 [UBOOT] create background uint done
PRINTF 23-06-08 15:02:46.167 boot.go:72 [UBOOT] create normal uint
PRINTF 23-06-08 15:02:46.167 boot.go:72 [UBOOT] create normal uint done
PRINTF 23-06-08 15:02:46.167 boot.go:72 [UBOOT] waiting for all normal uint done
PRINTF 23-06-08 15:02:46.167 boot.go:72 [UBOOT] [NORMAL:normal_2] uint starting
PRINTF 23-06-08 15:02:46.167 boot.go:72 [UBOOT] [BACKGROUND:background] uint starting
PRINTF 23-06-08 15:02:46.167 boot.go:72 [UBOOT] [BACKGROUND:background] background
PRINTF 23-06-08 15:02:46.167 boot.go:72 [UBOOT] [NORMAL:normal_1] uint starting
PRINTF 23-06-08 15:02:46.167 boot.go:72 [UBOOT] [NORMAL:normal_2] normal_2
PRINTF 23-06-08 15:02:46.167 boot.go:72 [UBOOT] [NORMAL:normal_1] normal_1
PRINTF 23-06-08 15:02:46.168 boot.go:72 [UBOOT] [NORMAL:normal_1] normal_1 done
PRINTF 23-06-08 15:02:46.168 boot.go:72 [UBOOT] [NORMAL:normal_1] uint success
PRINTF 23-06-08 15:02:47.168 boot.go:72 [UBOOT] [NORMAL:normal_2] require: normal_1
PRINTF 23-06-08 15:02:47.168 boot.go:72 [UBOOT] [NORMAL:normal_2] normal_2 done
PRINTF 23-06-08 15:02:47.168 boot.go:72 [UBOOT] [NORMAL:normal_2] uint success
PRINTF 23-06-08 15:02:47.168 boot.go:72 [UBOOT] all normal uint done
PRINTF 23-06-08 15:02:47.168 boot.go:72 [UBOOT] start after uint
PRINTF 23-06-08 15:02:47.168 boot.go:72 [UBOOT] [AFTER:after_1] uint starting
PRINTF 23-06-08 15:02:47.168 boot.go:72 [UBOOT] [AFTER:after_1] after_1
PRINTF 23-06-08 15:02:47.669 boot.go:72 [UBOOT] [AFTER:after_1] after_1 done
PRINTF 23-06-08 15:02:47.669 boot.go:72 [UBOOT] [AFTER:after_1] uint success
PRINTF 23-06-08 15:02:47.669 boot.go:72 [UBOOT] [AFTER:after_2] uint starting
PRINTF 23-06-08 15:02:47.669 boot.go:72 [UBOOT] [AFTER:after_2] after_2
PRINTF 23-06-08 15:02:47.669 boot.go:72 [UBOOT] [AFTER:after_2] uint success
PRINTF 23-06-08 15:02:47.669 boot.go:72 [UBOOT] start after uint done
PRINTF 23-06-08 15:02:47.669 boot.go:72 [UBOOT] waiting for all background uint done
PRINTF 23-06-08 15:02:56.176 boot.go:72 [UBOOT] [BACKGROUND:background] background done
PRINTF 23-06-08 15:02:56.176 boot.go:72 [UBOOT] [BACKGROUND:background] uint success
PRINTF 23-06-08 15:02:56.176 boot.go:72 [UBOOT] all background uint done
PRINTF 23-06-08 15:03:10.494 boot.go:73 [UBOOT] 
_   _   _                       _   
| | | | | |__     ___     ___   | |_ 
| | | | | '_ \   / _ \   / _ \  | __|
| |_| | | |_) | | (_) | | (_) | | |_ 
 \___/  |_.__/   \___/   \___/   \__|
									 					   

PRINTF 23-06-08 15:03:10.494 boot.go:73 [UBOOT] Uboot start
PRINTF 23-06-08 15:03:10.494 boot.go:73 [UBOOT] start front uint
PRINTF 23-06-08 15:03:10.494 boot.go:73 [UBOOT] [FRONT:front] uint starting
PRINTF 23-06-08 15:03:10.494 boot.go:73 [UBOOT] [FRONT:front] front
PRINTF 23-06-08 15:03:10.995 boot.go:73 [UBOOT] [FRONT:front] uint success
PRINTF 23-06-08 15:03:10.995 boot.go:73 [UBOOT] start front uint done
PRINTF 23-06-08 15:03:10.995 boot.go:73 [UBOOT] create background uint
PRINTF 23-06-08 15:03:10.995 boot.go:73 [UBOOT] create background uint done
PRINTF 23-06-08 15:03:10.995 boot.go:73 [UBOOT] create normal uint
PRINTF 23-06-08 15:03:10.995 boot.go:73 [UBOOT] create normal uint done
PRINTF 23-06-08 15:03:10.995 boot.go:73 [UBOOT] waiting for all normal uint done
PRINTF 23-06-08 15:03:10.995 boot.go:73 [UBOOT] [NORMAL:normal_2] uint starting
PRINTF 23-06-08 15:03:10.995 boot.go:73 [UBOOT] [NORMAL:normal_2] normal_2
PRINTF 23-06-08 15:03:10.995 boot.go:73 [UBOOT] [BACKGROUND:background] uint starting
PRINTF 23-06-08 15:03:10.995 boot.go:73 [UBOOT] [BACKGROUND:background] background
PRINTF 23-06-08 15:03:10.995 boot.go:73 [UBOOT] [NORMAL:normal_1] uint starting
PRINTF 23-06-08 15:03:10.996 boot.go:73 [UBOOT] [NORMAL:normal_1] normal_1
PRINTF 23-06-08 15:03:10.996 boot.go:73 [UBOOT] [NORMAL:normal_1] normal_1 done
PRINTF 23-06-08 15:03:10.996 boot.go:73 [UBOOT] [NORMAL:normal_1] uint success
PRINTF 23-06-08 15:03:11.996 boot.go:73 [UBOOT] [NORMAL:normal_2] require: normal_1
PRINTF 23-06-08 15:03:11.996 boot.go:73 [UBOOT] [NORMAL:normal_2] normal_2 done
PRINTF 23-06-08 15:03:11.996 boot.go:73 [UBOOT] [NORMAL:normal_2] uint success
PRINTF 23-06-08 15:03:11.996 boot.go:73 [UBOOT] all normal uint done
PRINTF 23-06-08 15:03:11.996 boot.go:73 [UBOOT] start after uint
PRINTF 23-06-08 15:03:11.996 boot.go:73 [UBOOT] [AFTER:after_1] uint starting
PRINTF 23-06-08 15:03:11.996 boot.go:73 [UBOOT] [AFTER:after_1] after_1
PRINTF 23-06-08 15:03:12.497 boot.go:73 [UBOOT] [AFTER:after_1] after_1 done
PRINTF 23-06-08 15:03:12.497 boot.go:73 [UBOOT] [AFTER:after_1] uint success
PRINTF 23-06-08 15:03:12.497 boot.go:73 [UBOOT] [AFTER:after_2] uint starting
PRINTF 23-06-08 15:03:12.497 boot.go:73 [UBOOT] [AFTER:after_2] after_2
PRINTF 23-06-08 15:03:12.497 boot.go:73 [UBOOT] [AFTER:after_2] uint success
PRINTF 23-06-08 15:03:12.497 boot.go:73 [UBOOT] start after uint done
PRINTF 23-06-08 15:03:12.497 boot.go:73 [UBOOT] waiting for all background uint done
PRINTF 23-06-08 15:03:21.004 boot.go:73 [UBOOT] [BACKGROUND:background] background done
PRINTF 23-06-08 15:03:21.004 boot.go:73 [UBOOT] [BACKGROUND:background] uint success
PRINTF 23-06-08 15:03:21.004 boot.go:73 [UBOOT] all background uint done
PRINTF 23-06-08 15:03:51.468 boot.go:74 [UBOOT] Uboot start
PRINTF 23-06-08 15:03:51.468 boot.go:74 [UBOOT] start front uint
PRINTF 23-06-08 15:03:51.468 boot.go:74 [UBOOT] [FRONT:front] uint starting
PRINTF 23-06-08 15:03:51.468 boot.go:74 [UBOOT] [FRONT:front] front
PRINTF 23-06-08 15:03:51.969 boot.go:74 [UBOOT] [FRONT:front] uint success
PRINTF 23-06-08 15:03:51.969 boot.go:74 [UBOOT] start front uint done
PRINTF 23-06-08 15:03:51.969 boot.go:74 [UBOOT] create background uint
PRINTF 23-06-08 15:03:51.969 boot.go:74 [UBOOT] create background uint done
PRINTF 23-06-08 15:03:51.969 boot.go:74 [UBOOT] create normal uint
PRINTF 23-06-08 15:03:51.969 boot.go:74 [UBOOT] create normal uint done
PRINTF 23-06-08 15:03:51.969 boot.go:74 [UBOOT] [BACKGROUND:background] uint starting
PRINTF 23-06-08 15:03:51.969 boot.go:74 [UBOOT] waiting for all normal uint done
PRINTF 23-06-08 15:03:51.969 boot.go:74 [UBOOT] [NORMAL:normal_2] uint starting
PRINTF 23-06-08 15:03:51.969 boot.go:74 [UBOOT] [NORMAL:normal_2] normal_2
PRINTF 23-06-08 15:03:51.969 boot.go:74 [UBOOT] [BACKGROUND:background] background
PRINTF 23-06-08 15:03:51.969 boot.go:74 [UBOOT] [NORMAL:normal_1] uint starting
PRINTF 23-06-08 15:03:51.970 boot.go:74 [UBOOT] [NORMAL:normal_1] normal_1
PRINTF 23-06-08 15:03:51.970 boot.go:74 [UBOOT] [NORMAL:normal_1] normal_1 done
PRINTF 23-06-08 15:03:51.970 boot.go:74 [UBOOT] [NORMAL:normal_1] uint success
PRINTF 23-06-08 15:03:52.970 boot.go:74 [UBOOT] [NORMAL:normal_2] require: normal_1
PRINTF 23-06-08 15:03:52.970 boot.go:74 [UBOOT] [NORMAL:normal_2] normal_2 done
PRINTF 23-06-08 15:03:52.970 boot.go:74 [UBOOT] [NORMAL:normal_2] uint success
PRINTF 23-06-08 15:03:52.970 boot.go:74 [UBOOT] all normal uint done
PRINTF 23-06-08 15:03:52.970 boot.go:74 [UBOOT] start after uint
PRINTF 23-06-08 15:03:52.970 boot.go:74 [UBOOT] [AFTER:after_1] uint starting
PRINTF 23-06-08 15:03:52.970 boot.go:74 [UBOOT] [AFTER:after_1] after_1
PRINTF 23-06-08 15:03:53.471 boot.go:74 [UBOOT] [AFTER:after_1] after_1 done
PRINTF 23-06-08 15:03:53.471 boot.go:74 [UBOOT] [AFTER:after_1] uint success
PRINTF 23-06-08 15:03:53.472 boot.go:74 [UBOOT] [AFTER:after_2] uint starting
PRINTF 23-06-08 15:03:53.472 boot.go:74 [UBOOT] [AFTER:after_2] after_2
PRINTF 23-06-08 15:03:53.472 boot.go:74 [UBOOT] [AFTER:after_2] uint success
PRINTF 23-06-08 15:03:53.472 boot.go:74 [UBOOT] start after uint done
PRINTF 23-06-08 15:03:53.472 boot.go:74 [UBOOT] waiting for all background uint done
PRINTF 23-06-08 15:04:01.978 boot.go:74 [UBOOT] [BACKGROUND:background] background done
PRINTF 23-06-08 15:04:01.978 boot.go:74 [UBOOT] [BACKGROUND:background] uint success
PRINTF 23-06-08 15:04:01.978 boot.go:74 [UBOOT] all background uint done
PRINTF 23-06-08 15:04:10.630 boot.go:74 [UBOOT] uboot start
PRINTF 23-06-08 15:04:10.630 boot.go:74 [UBOOT] start front uint
PRINTF 23-06-08 15:04:10.630 boot.go:74 [UBOOT] [FRONT:front] uint starting
PRINTF 23-06-08 15:04:10.630 boot.go:74 [UBOOT] [FRONT:front] front
PRINTF 23-06-08 15:04:11.131 boot.go:74 [UBOOT] [FRONT:front] uint success
PRINTF 23-06-08 15:04:11.131 boot.go:74 [UBOOT] start front uint done
PRINTF 23-06-08 15:04:11.131 boot.go:74 [UBOOT] create background uint
PRINTF 23-06-08 15:04:11.131 boot.go:74 [UBOOT] create background uint done
PRINTF 23-06-08 15:04:11.131 boot.go:74 [UBOOT] create normal uint
PRINTF 23-06-08 15:04:11.131 boot.go:74 [UBOOT] create normal uint done
PRINTF 23-06-08 15:04:11.131 boot.go:74 [UBOOT] waiting for all normal uint done
PRINTF 23-06-08 15:04:11.131 boot.go:74 [UBOOT] [BACKGROUND:background] uint starting
PRINTF 23-06-08 15:04:11.132 boot.go:74 [UBOOT] [BACKGROUND:background] background
PRINTF 23-06-08 15:04:11.132 boot.go:74 [UBOOT] [NORMAL:normal_2] uint starting
PRINTF 23-06-08 15:04:11.132 boot.go:74 [UBOOT] [NORMAL:normal_2] normal_2
PRINTF 23-06-08 15:04:11.131 boot.go:74 [UBOOT] [NORMAL:normal_1] uint starting
PRINTF 23-06-08 15:04:11.132 boot.go:74 [UBOOT] [NORMAL:normal_1] normal_1
PRINTF 23-06-08 15:04:11.132 boot.go:74 [UBOOT] [NORMAL:normal_1] normal_1 done
PRINTF 23-06-08 15:04:11.132 boot.go:74 [UBOOT] [NORMAL:normal_1] uint success
PRINTF 23-06-08 15:04:12.132 boot.go:74 [UBOOT] [NORMAL:normal_2] require: normal_1
PRINTF 23-06-08 15:04:12.132 boot.go:74 [UBOOT] [NORMAL:normal_2] normal_2 done
PRINTF 23-06-08 15:04:12.132 boot.go:74 [UBOOT] [NORMAL:normal_2] uint success
PRINTF 23-06-08 15:04:12.132 boot.go:74 [UBOOT] all normal uint done
PRINTF 23-06-08 15:04:12.133 boot.go:74 [UBOOT] start after uint
PRINTF 23-06-08 15:04:12.133 boot.go:74 [UBOOT] [AFTER:after_1] uint starting
PRINTF 23-06-08 15:04:12.133 boot.go:74 [UBOOT] [AFTER:after_1] after_1
PRINTF 23-06-08 15:04:12.634 boot.go:74 [UBOOT] [AFTER:after_1] after_1 done
PRINTF 23-06-08 15:04:12.634 boot.go:74 [UBOOT] [AFTER:after_1] uint success
PRINTF 23-06-08 15:04:12.634 boot.go:74 [UBOOT] [AFTER:after_2] uint starting
PRINTF 23-06-08 15:04:12.634 boot.go:74 [UBOOT] [AFTER:after_2] after_2
PRINTF 23-06-08 15:04:12.634 boot.go:74 [UBOOT] [AFTER:after_2] uint success
PRINTF 23-06-08 15:04:12.634 boot.go:74 [UBOOT] start after uint done
PRINTF 23-06-08 15:04:12.634 boot.go:74 [UBOOT] waiting for all background uint done
PRINTF 23-06-08 15:04:21.139 boot.go:74 [UBOOT] [BACKGROUND:background] background done
PRINTF 23-06-08 15:04:21.139 boot.go:74 [UBOOT] [BACKGROUND:background] uint success
PRINTF 23-06-08 15:04:21.139 boot.go:74 [UBOOT] all background uint done
PRINTF 23-06-08 15:04:31.114 boot.go:74 [UBOOT] uboot start
PRINTF 23-06-08 15:04:31.114 boot.go:74 [UBOOT] start front uint
PRINTF 23-06-08 15:04:31.114 boot.go:74 [UBOOT] [FRONT:front] uint starting
PRINTF 23-06-08 15:04:31.114 boot.go:74 [UBOOT] [FRONT:front] front
PRINTF 23-06-08 15:04:31.615 boot.go:74 [UBOOT] [FRONT:front] uint success
PRINTF 23-06-08 15:04:31.615 boot.go:74 [UBOOT] start front uint done
PRINTF 23-06-08 15:04:31.615 boot.go:74 [UBOOT] create background uint
PRINTF 23-06-08 15:04:31.615 boot.go:74 [UBOOT] create background uint done
PRINTF 23-06-08 15:04:31.615 boot.go:74 [UBOOT] create normal uint
PRINTF 23-06-08 15:04:31.615 boot.go:74 [UBOOT] create normal uint done
PRINTF 23-06-08 15:04:31.615 boot.go:74 [UBOOT] waiting for all normal uint done
PRINTF 23-06-08 15:04:31.615 boot.go:74 [UBOOT] [NORMAL:normal_2] uint starting
PRINTF 23-06-08 15:04:31.615 boot.go:74 [UBOOT] [NORMAL:normal_2] normal_2
PRINTF 23-06-08 15:04:31.615 boot.go:74 [UBOOT] [BACKGROUND:background] uint starting
PRINTF 23-06-08 15:04:31.615 boot.go:74 [UBOOT] [BACKGROUND:background] background
PRINTF 23-06-08 15:04:31.615 boot.go:74 [UBOOT] [NORMAL:normal_1] uint starting
PRINTF 23-06-08 15:04:31.615 boot.go:74 [UBOOT] [NORMAL:normal_1] normal_1
PRINTF 23-06-08 15:04:31.615 boot.go:74 [UBOOT] [NORMAL:normal_1] normal_1 done
PRINTF 23-06-08 15:04:31.615 boot.go:74 [UBOOT] [NORMAL:normal_1] uint success
PRINTF 23-06-08 15:04:32.615 boot.go:74 [UBOOT] [NORMAL:normal_2] require: normal_1
PRINTF 23-06-08 15:04:32.615 boot.go:74 [UBOOT] [NORMAL:normal_2] normal_2 done
PRINTF 23-06-08 15:04:32.615 boot.go:74 [UBOOT] [NORMAL:normal_2] uint success
PRINTF 23-06-08 15:04:32.615 boot.go:74 [UBOOT] all normal uint done
PRINTF 23-06-08 15:04:32.615 boot.go:74 [UBOOT] start after uint
PRINTF 23-06-08 15:04:32.615 boot.go:74 [UBOOT] [AFTER:after_1] uint starting
PRINTF 23-06-08 15:04:32.615 boot.go:74 [UBOOT] [AFTER:after_1] after_1
PRINTF 23-06-08 15:04:33.116 boot.go:74 [UBOOT] [AFTER:after_1] after_1 done
PRINTF 23-06-08 15:04:33.116 boot.go:74 [UBOOT] [AFTER:after_1] uint success
PRINTF 23-06-08 15:04:33.116 boot.go:74 [UBOOT] [AFTER:after_2] uint starting
PRINTF 23-06-08 15:04:33.116 boot.go:74 [UBOOT] [AFTER:after_2] after_2
PRINTF 23-06-08 15:04:33.116 boot.go:74 [UBOOT] [AFTER:after_2] uint success
PRINTF 23-06-08 15:04:33.116 boot.go:74 [UBOOT] start after uint done
PRINTF 23-06-08 15:04:33.116 boot.go:74 [UBOOT] waiting for all background uint done
PRINTF 23-06-08 15:04:41.616 boot.go:74 [UBOOT] [BACKGROUND:background] background done
PRINTF 23-06-08 15:04:41.616 boot.go:74 [UBOOT] [BACKGROUND:background] uint success
PRINTF 23-06-08 15:04:41.616 boot.go:74 [UBOOT] all background uint done
PRINTF 23-06-08 15:04:41.616 boot.go:74 [UBOOT] uboot done
PRINTF 23-06-08 15:04:50.609 boot.go:74 [UBOOT] uboot start
PRINTF 23-06-08 15:04:50.610 boot.go:74 [UBOOT] start front uint
PRINTF 23-06-08 15:04:50.610 boot.go:74 [UBOOT] [FRONT:front] uint starting
PRINTF 23-06-08 15:04:50.610 boot.go:74 [UBOOT] [FRONT:front] front
PRINTF 23-06-08 15:04:51.110 boot.go:74 [UBOOT] [FRONT:front] uint success
PRINTF 23-06-08 15:04:51.110 boot.go:74 [UBOOT] start front uint done
PRINTF 23-06-08 15:04:51.110 boot.go:74 [UBOOT] create background uint
PRINTF 23-06-08 15:04:51.110 boot.go:74 [UBOOT] create background uint done
PRINTF 23-06-08 15:04:51.110 boot.go:74 [UBOOT] create normal uint
PRINTF 23-06-08 15:04:51.110 boot.go:74 [UBOOT] create normal uint done
PRINTF 23-06-08 15:04:51.110 boot.go:74 [UBOOT] waiting for all normal uint done
PRINTF 23-06-08 15:04:51.111 boot.go:74 [UBOOT] [NORMAL:normal_2] uint starting
PRINTF 23-06-08 15:04:51.111 boot.go:74 [UBOOT] [NORMAL:normal_2] normal_2
PRINTF 23-06-08 15:04:51.111 boot.go:74 [UBOOT] [BACKGROUND:background] uint starting
PRINTF 23-06-08 15:04:51.111 boot.go:74 [UBOOT] [BACKGROUND:background] background
PRINTF 23-06-08 15:04:51.111 boot.go:74 [UBOOT] [NORMAL:normal_1] uint starting
PRINTF 23-06-08 15:04:51.111 boot.go:74 [UBOOT] [NORMAL:normal_1] normal_1
PRINTF 23-06-08 15:04:51.111 boot.go:74 [UBOOT] [NORMAL:normal_1] normal_1 done
PRINTF 23-06-08 15:04:51.111 boot.go:74 [UBOOT] [NORMAL:normal_1] uint success
PRINTF 23-06-08 15:04:52.111 boot.go:74 [UBOOT] [NORMAL:normal_2] require: normal_1
PRINTF 23-06-08 15:04:52.111 boot.go:74 [UBOOT] [NORMAL:normal_2] normal_2 done
PRINTF 23-06-08 15:04:52.111 boot.go:74 [UBOOT] [NORMAL:normal_2] uint success
PRINTF 23-06-08 15:04:52.111 boot.go:74 [UBOOT] all normal uint done
PRINTF 23-06-08 15:04:52.111 boot.go:74 [UBOOT] start after uint
PRINTF 23-06-08 15:04:52.111 boot.go:74 [UBOOT] [AFTER:after_1] uint starting
PRINTF 23-06-08 15:04:52.111 boot.go:74 [UBOOT] [AFTER:after_1] after_1
PRINTF 23-06-08 15:04:52.612 boot.go:74 [UBOOT] [AFTER:after_1] after_1 done
PRINTF 23-06-08 15:04:52.612 boot.go:74 [UBOOT] [AFTER:after_1] uint success
PRINTF 23-06-08 15:04:52.612 boot.go:74 [UBOOT] [AFTER:after_2] uint starting
PRINTF 23-06-08 15:04:52.612 boot.go:74 [UBOOT] [AFTER:after_2] after_2
PRINTF 23-06-08 15:04:52.612 boot.go:74 [UBOOT] [AFTER:after_2] uint success
PRINTF 23-06-08 15:04:52.612 boot.go:74 [UBOOT] start after uint done
PRINTF 23-06-08 15:04:52.612 boot.go:74 [UBOOT] waiting for all background uint done
PRINTF 23-06-08 15:05:01.119 boot.go:74 [UBOOT] [BACKGROUND:background] background done
PRINTF 23-06-08 15:05:01.119 boot.go:74 [UBOOT] [BACKGROUND:background] uint success
PRINTF 23-06-08 15:05:01.119 boot.go:74 [UBOOT] all background uint done
PRINTF 23-06-08 15:05:01.119 boot.go:74 [UBOOT] uboot done
PRINTF 23-06-08 15:05:20.722 boot.go:78 [UBOOT] uboot start
PRINTF 23-06-08 15:05:20.722 boot.go:78 [UBOOT] start front uint
PRINTF 23-06-08 15:05:20.722 boot.go:78 [UBOOT] [FRONT:front] uint starting
PRINTF 23-06-08 15:05:20.722 boot.go:78 [UBOOT] [FRONT:front] front
PRINTF 23-06-08 15:05:21.224 boot.go:78 [UBOOT] [FRONT:front] uint success
PRINTF 23-06-08 15:05:21.224 boot.go:78 [UBOOT] start front uint done
PRINTF 23-06-08 15:05:21.224 boot.go:78 [UBOOT] create background uint
PRINTF 23-06-08 15:05:21.224 boot.go:78 [UBOOT] create background uint done
PRINTF 23-06-08 15:05:21.224 boot.go:78 [UBOOT] create normal uint
PRINTF 23-06-08 15:05:21.224 boot.go:78 [UBOOT] create normal uint done
PRINTF 23-06-08 15:05:21.224 boot.go:78 [UBOOT] waiting for all normal uint done
PRINTF 23-06-08 15:05:21.224 boot.go:78 [UBOOT] [NORMAL:normal_2] uint starting
PRINTF 23-06-08 15:05:21.224 boot.go:78 [UBOOT] [NORMAL:normal_1] uint starting
PRINTF 23-06-08 15:05:21.224 boot.go:78 [UBOOT] [NORMAL:normal_2] normal_2
PRINTF 23-06-08 15:05:21.224 boot.go:78 [UBOOT] [NORMAL:normal_1] normal_1
PRINTF 23-06-08 15:05:21.224 boot.go:78 [UBOOT] [NORMAL:normal_1] normal_1 done
PRINTF 23-06-08 15:05:21.224 boot.go:78 [UBOOT] [NORMAL:normal_1] uint success
PRINTF 23-06-08 15:05:21.224 boot.go:78 [UBOOT] [BACKGROUND:background] uint starting
PRINTF 23-06-08 15:05:21.224 boot.go:78 [UBOOT] [BACKGROUND:background] background
PRINTF 23-06-08 15:05:22.224 boot.go:78 [UBOOT] [NORMAL:normal_2] require: normal_1
PRINTF 23-06-08 15:05:22.225 boot.go:78 [UBOOT] [NORMAL:normal_2] normal_2 done
PRINTF 23-06-08 15:05:22.225 boot.go:78 [UBOOT] [NORMAL:normal_2] uint success
PRINTF 23-06-08 15:05:22.225 boot.go:78 [UBOOT] all normal uint done
PRINTF 23-06-08 15:05:22.225 boot.go:78 [UBOOT] start after uint
PRINTF 23-06-08 15:05:22.225 boot.go:78 [UBOOT] [AFTER:after_1] uint starting
PRINTF 23-06-08 15:05:22.225 boot.go:78 [UBOOT] [AFTER:after_1] after_1
PRINTF 23-06-08 15:05:22.726 boot.go:78 [UBOOT] [AFTER:after_1] after_1 done
PRINTF 23-06-08 15:05:22.726 boot.go:78 [UBOOT] [AFTER:after_1] uint success
PRINTF 23-06-08 15:05:22.726 boot.go:78 [UBOOT] [AFTER:after_2] uint starting
PRINTF 23-06-08 15:05:22.726 boot.go:78 [UBOOT] [AFTER:after_2] after_2
PRINTF 23-06-08 15:05:22.726 boot.go:78 [UBOOT] [AFTER:after_2] uint success
PRINTF 23-06-08 15:05:22.726 boot.go:78 [UBOOT] start after uint done
PRINTF 23-06-08 15:05:22.726 boot.go:78 [UBOOT] waiting for all background uint done
PRINTF 23-06-08 15:05:31.232 boot.go:78 [UBOOT] [BACKGROUND:background] background done
PRINTF 23-06-08 15:05:31.232 boot.go:78 [UBOOT] [BACKGROUND:background] uint success
PRINTF 23-06-08 15:05:31.232 boot.go:78 [UBOOT] all background uint done
PRINTF 23-06-08 15:05:31.232 boot.go:78 [UBOOT] uboot done
PRINTF 23-06-08 15:06:50.634 boot.go:77 [UBOOT] uboot start
PRINTF 23-06-08 15:06:50.634 boot.go:77 [UBOOT] start front uint
PRINTF 23-06-08 15:06:50.634 boot.go:77 [UBOOT] [FRONT:front] uint starting
PRINTF 23-06-08 15:06:50.634 boot.go:77 [UBOOT] [FRONT:front] front
PRINTF 23-06-08 15:06:51.135 boot.go:77 [UBOOT] [FRONT:front] uint success
PRINTF 23-06-08 15:06:51.135 boot.go:77 [UBOOT] start front uint done
PRINTF 23-06-08 15:06:51.135 boot.go:77 [UBOOT] create background uint
PRINTF 23-06-08 15:06:51.135 boot.go:77 [UBOOT] create background uint done
PRINTF 23-06-08 15:06:51.135 boot.go:77 [UBOOT] create normal uint
PRINTF 23-06-08 15:06:51.135 boot.go:77 [UBOOT] create normal uint done
PRINTF 23-06-08 15:06:51.135 boot.go:77 [UBOOT] [BACKGROUND:background] uint starting
PRINTF 23-06-08 15:06:51.135 boot.go:77 [UBOOT] [NORMAL:normal_2] uint starting
PRINTF 23-06-08 15:06:51.135 boot.go:77 [UBOOT] [NORMAL:normal_1] uint starting
PRINTF 23-06-08 15:06:51.135 boot.go:77 [UBOOT] waiting for all normal uint done
PRINTF 23-06-08 15:06:51.135 boot.go:77 [UBOOT] [NORMAL:normal_1] normal_1
PRINTF 23-06-08 15:06:51.135 boot.go:77 [UBOOT] [NORMAL:normal_1] normal_1 done
PRINTF 23-06-08 15:06:51.135 boot.go:77 [UBOOT] [NORMAL:normal_1] uint success
PRINTF 23-06-08 15:06:51.135 boot.go:77 [UBOOT] [NORMAL:normal_2] normal_2
PRINTF 23-06-08 15:06:51.135 boot.go:77 [UBOOT] [BACKGROUND:background] background
PRINTF 23-06-08 15:06:52.135 boot.go:77 [UBOOT] [NORMAL:normal_2] require: normal_1
PRINTF 23-06-08 15:06:52.135 boot.go:77 [UBOOT] [NORMAL:normal_2] normal_2 done
PRINTF 23-06-08 15:06:52.135 boot.go:77 [UBOOT] [NORMAL:normal_2] uint success
PRINTF 23-06-08 15:06:52.135 boot.go:77 [UBOOT] all normal uint done
PRINTF 23-06-08 15:06:52.135 boot.go:77 [UBOOT] start after uint
PRINTF 23-06-08 15:06:52.135 boot.go:77 [UBOOT] [AFTER:after_1] uint starting
PRINTF 23-06-08 15:06:52.135 boot.go:77 [UBOOT] [AFTER:after_1] after_1
PRINTF 23-06-08 15:06:52.636 boot.go:77 [UBOOT] [AFTER:after_1] after_1 done
PRINTF 23-06-08 15:06:52.636 boot.go:77 [UBOOT] [AFTER:after_1] uint success
PRINTF 23-06-08 15:06:52.636 boot.go:77 [UBOOT] [AFTER:after_2] uint starting
PRINTF 23-06-08 15:06:52.636 boot.go:77 [UBOOT] [AFTER:after_2] after_2
PRINTF 23-06-08 15:06:52.636 boot.go:77 [UBOOT] [AFTER:after_2] uint success
PRINTF 23-06-08 15:06:52.637 boot.go:77 [UBOOT] start after uint done
PRINTF 23-06-08 15:06:52.637 boot.go:77 [UBOOT] waiting for all background uint done
PRINTF 23-06-08 15:07:01.144 boot.go:77 [UBOOT] [BACKGROUND:background] background done
PRINTF 23-06-08 15:07:01.144 boot.go:77 [UBOOT] [BACKGROUND:background] uint success
PRINTF 23-06-08 15:07:01.144 boot.go:77 [UBOOT] all background uint done
PRINTF 23-06-08 15:07:01.144 boot.go:77 [UBOOT] uboot done
